// Jest Snapshot v1, https://goo.gl/fbAQLP

exports[`ToTop renders correctly 1`] = `
<div
  className="base-back-to-up fade-hide"
  onClick={[Function]}
>
  <div
    className="back-to-up-default"
    style={
      Object {
        "height": "100%",
        "width": "100%",
      }
    }
  />
  <div
    className="to-up-percent"
    style={
      Object {
        "height": "100%",
        "width": "100%",
      }
    }
  >
    0%
  </div>
</div>
`;
